Γû▓ Next.js 16.1.7 (Turbopack)

  Creating an optimized production build ...
Γ£ô Compiled successfully in 8.7s
  Running TypeScript ...
node.exe : Failed to compile.
At line:1 char:1
+ & "C:\Program Files\nodejs/node.exe" 
"C:\Program Files\nodejs/node_mo ...
+ ~~~~~~~~~~~~~~~~~~~~~~~~~~~~~~~~~~~~~~~
~~~~~~~~~~~~~~~~~~~~~~~~~~~~~~
    + CategoryInfo          : NotSpecifi 
   ed: (Failed to compile.:String) [],   
  RemoteException
    + FullyQualifiedErrorId : NativeComm 
   andError
 

./src/app/dashboard/page.tsx:479:22
Type error: 'riskResult.score' is 
possibly 'undefined'.

[0m [90m 477 |[39m     }
 [90m 478 |[39m
[31m[1m>[22m[39m[90m 479 |[39m     
[36mconst[39m riskType [33m=[39m 
riskResult[33m?[39m[33m.[39mscore 
[33m<=[39m [35m6[39m [33m?[39m 
[32m"conservative"[39m [33m:[39m 
riskResult[33m?[39m[33m.[39mscore 
[33m<=[39m [35m10[39m [33m?[39m 
[32m"balanced"[39m [33m:[39m 
[32m"growth"[39m[33m;[39m
 [90m     |[39m                      
[31m[1m^[22m[39m
 [90m 480 |[39m     [36mconst[39m 
base [33m=[39m 
[33mBASE_ALLOCATIONS[39m[riskType] 
[33m||[39m [33mBASE_ALLOCATIONS[39m[
33m.[39mbalanced[33m;[39m
 [90m 481 |[39m     [36mreturn[39m 
adjustAllocation(base[33m,[39m 
fgScore)[33m;[39m
 [90m 482 |[39m   }[33m,[39m 
[])[33m;[39m[0m
Next.js build worker exited with code: 1 
and signal: null
