src/app/api/market-data/route.test.ts(14,11): error TS2739: Type '{ fetchedAt: string; vnIndex: { price: number; change: number; changePct: number; volume: string; gtgdTyVnd: string; source: string; }; goldSjc: { goldUsd: number; goldVnd: number; changePct: number; source: string; }; usdVnd: { ...; }; macro: { ...; }; btc: null; aiSummary: null; }' is missing the following properties from type 'MarketSnapshot': silver, news
src/app/api/market-data/route.test.ts(49,11): error TS2739: Type '{ fetchedAt: string; vnIndex: { price: number; change: number; changePct: number; volume: string; source: string; }; goldSjc: { goldUsd: number; goldVnd: number; changePct: number; source: string; }; usdVnd: { ...; }; macro: { ...; }; btc: null; aiSummary: null; }' is missing the following properties from type 'MarketSnapshot': silver, news
src/app/api/market-data/route.test.ts(79,11): error TS2739: Type '{ fetchedAt: string; vnIndex: { price: number; change: number; changePct: number; volume: string; source: string; }; goldSjc: { goldUsd: number; goldVnd: number; changePct: number; source: string; }; usdVnd: { ...; }; macro: { ...; }; btc: null; aiSummary: null; }' is missing the following properties from type 'MarketSnapshot': silver, news
src/app/api/market-data/route.test.ts(107,11): error TS2739: Type '{ fetchedAt: string; vnIndex: null; goldSjc: { goldUsd: number; goldVnd: number; changePct: number; source: string; }; usdVnd: { rate: number; source: string; }; macro: { gdpYoY: { period: string; value: number; }[]; cpiYoY: { ...; }[]; deposit12m: { ...; }; }; btc: null; aiSummary: null; }' is missing the following properties from type 'MarketSnapshot': silver, news
src/lib/market-data/crawler.test.ts(35,11): error TS2739: Type '{ fetchedAt: string; vnIndex: { price: number; change: number; changePct: number; volume: string; source: string; }; goldSjc: { goldUsd: number; goldVnd: number; changePct: number; source: string; }; usdVnd: { ...; }; btc: null; macro: { ...; }; }' is missing the following properties from type 'MarketSnapshot': silver, news
src/lib/market-data/crawler.test.ts(49,11): error TS2739: Type '{ fetchedAt: string; vnIndex: { price: number; change: number; changePct: number; volume: string; source: string; }; goldSjc: { goldUsd: number; goldVnd: number; changePct: number; source: string; }; usdVnd: { ...; }; btc: null; macro: { ...; }; }' is missing the following properties from type 'MarketSnapshot': silver, news
