.next/dev/types/validator.ts(125,39): error TS2307: Cannot find module '../../../src/app/dashboard/macro/page.js' or its corresponding type declarations.
.next/dev/types/validator.ts(134,39): error TS2307: Cannot find module '../../../src/app/dashboard/market/page.js' or its corresponding type declarations.
.next/dev/types/validator.ts(197,39): error TS2307: Cannot find module '../../../src/app/dashboard/sentiment/page.js' or its corresponding type declarations.
.next/dev/types/validator.ts(341,39): error TS2307: Cannot find module '../../../src/app/auth/signout/route.js' or its corresponding type declarations.
src/lib/market-overview/mappers.test.ts(41,50): error TS2345: Argument of type '{ readonly metrics: { readonly overallNewsScore: 29; readonly history: readonly [{ readonly date: "2026-04-10"; readonly score: 45; }, { readonly date: "2026-04-11"; readonly score: 38; }, { readonly date: "2026-04-12"; readonly score: 31; }]; readonly assetSentiment: readonly [...]; }; }' is not assignable to parameter of type '{ metrics?: { overallNewsScore?: number | undefined; assetSentiment?: AssetMoodCard[] | undefined; } | undefined; }'.
  The types of 'metrics.assetSentiment' are incompatible between these types.
    The type 'readonly [{ readonly asset: "Chứng khoán"; readonly score: 32; readonly trend: "down"; readonly news: "Khối ngoại bán ròng"; }, { readonly asset: "Vàng"; readonly score: 74; readonly trend: "up"; readonly news: "Vàng lập đỉnh ngắn hạn"; }]' is 'readonly' and cannot be assigned to the mutable type 'AssetMoodCard[]'.
src/lib/market-overview/mappers.test.ts(58,39): error TS2345: Argument of type '{ readonly fetchedAt: "2026-04-15T08:30:00.000Z"; readonly vnIndex: { readonly price: 1245.66; readonly changePct: -1.2; }; readonly goldSjc: { readonly goldVnd: 121500000; readonly changePct: 0.8; }; readonly usdVnd: { ...; }; readonly btc: { ...; }; readonly macro: { ...; }; readonly aiSummary: "VN-Index yếu nhưng...' is not assignable to parameter of type '{ macro: { gdpYoY: { period: string; value: number; }[]; cpiYoY: { period: string; value: number; }[]; deposit12m: { min: number; max: number; }; }; usdVnd?: { rate?: number | undefined; } | null | undefined; }'.
  The types of 'macro.gdpYoY' are incompatible between these types.
    The type 'readonly [{ readonly period: "2025"; readonly value: 8.02; }]' is 'readonly' and cannot be assigned to the mutable type '{ period: string; value: number; }[]'.
src/lib/supabase/QueryProvider.tsx(3,50): error TS2307: Cannot find module '@tanstack/react-query' or its corresponding type declarations.
src/lib/supabase/useUserData.ts(4,55): error TS2307: Cannot find module '@tanstack/react-query' or its corresponding type declarations.
